Archive member included because of file (symbol)

/Users/Administrator/local/lib/gcc/avr/3.4.3/avr5/libgcc.a(_mulsi3.o)
                              sos_info.o (__mulsi3)
/Users/Administrator/local/lib/gcc/avr/3.4.3/avr5/libgcc.a(_udivmodhi4.o)
                              vmac.o (__udivmodhi4)
/Users/Administrator/local/lib/gcc/avr/3.4.3/avr5/libgcc.a(_divmodhi4.o)
                              vmac.o (__divmodhi4)
/Users/Administrator/local/lib/gcc/avr/3.4.3/avr5/libgcc.a(_divmodsi4.o)
                              loader.o (__divmodsi4)
/Users/Administrator/local/lib/gcc/avr/3.4.3/avr5/libgcc.a(_exit.o)
                              hardware.o (exit)
/Users/Administrator/local/lib/gcc/avr/3.4.3/avr5/libgcc.a(_clear_bss.o)
                              hardware.o (__do_clear_bss)
/Users/Administrator/local/lib/gcc/avr/3.4.3/avr5/libgcc.a(_udivmodsi4.o)
                              /Users/Administrator/local/lib/gcc/avr/3.4.3/avr5/libgcc.a(_divmodsi4.o) (__udivmodsi4)
/Users/Administrator/local/lib/gcc/avr/3.4.3/../../../../avr/lib/avr5/libc.a(memcpy.o)
                              vmac.o (memcpy)

Allocating common symbols
Common symbol       size              file

curr_pid            0x1               sched.o
pid_sp              0x2               sched.o

Memory Configuration

Name             Origin             Length             Attributes
text             0x00000000         0x00020000         xr
data             0x00800060         0x0000ffa0         rw !x
eeprom           0x00810000         0x00010000         rw !x
*default*        0x00000000         0xffffffff

Linker script and memory map

Address of section .data set to 0x800100
LOAD /Users/Administrator/local/lib/gcc/avr/3.4.3/../../../../avr/lib/avr5/crtm128.o
LOAD hardware.o
LOAD main.o
LOAD cc2420_hal.o
LOAD vhal.o
LOAD vmac.o
LOAD loader.o
LOAD rfidtag.o
LOAD IRtag.o
LOAD malloc.o
LOAD arfid.o
LOAD sched.o
LOAD message.o
LOAD message_queue.o
LOAD message_net.o
LOAD codemem.o
LOAD sos_module_fetcher.o
LOAD fntable.o
LOAD sos_timer.o
LOAD monitor.o
LOAD sos_list.o
LOAD sos_info.o
LOAD random.o
LOAD timestamp.o
LOAD sensor.o
LOAD sensor_system.o
LOAD sos_logging.o
LOAD sos_shm.o
LOAD slab.o
LOAD error_type.o
LOAD led.o
LOAD sos_uart.o
LOAD sos_uart_mgr.o
LOAD sos_i2c.o
LOAD sos_i2c_mgr.o
LOAD exflash.o
LOAD adc_proc_hw.o
LOAD adc_proc.o
LOAD i2c.o
LOAD i2c_system.o
LOAD uart_hal.o
LOAD uart.o
LOAD uart_system.o
LOAD flash_api.o
LOAD crc.o
LOAD systime.o
LOAD timer.o
LOAD avr_melfloader.o
LOAD melfloader.o
LOAD minielfendian.o
LOAD sos_fnptr_call.o
LOAD sys_jmptable.o
LOAD flash.o
Address of section .sos_bls set to 0x1fc00

.hash
 *(.hash)

.dynsym
 *(.dynsym)

.dynstr
 *(.dynstr)

.gnu.version
 *(.gnu.version)

.gnu.version_d
 *(.gnu.version_d)

.gnu.version_r
 *(.gnu.version_r)

.rel.init
 *(.rel.init)

.rela.init
 *(.rela.init)

.rel.text
 *(.rel.text)
 *(.rel.text.*)
 *(.rel.gnu.linkonce.t*)

.rela.text
 *(.rela.text)
 *(.rela.text.*)
 *(.rela.gnu.linkonce.t*)

.rel.fini
 *(.rel.fini)

.rela.fini
 *(.rela.fini)

.rel.rodata
 *(.rel.rodata)
 *(.rel.rodata.*)
 *(.rel.gnu.linkonce.r*)

.rela.rodata
 *(.rela.rodata)
 *(.rela.rodata.*)
 *(.rela.gnu.linkonce.r*)

.rel.data
 *(.rel.data)
 *(.rel.data.*)
 *(.rel.gnu.linkonce.d*)

.rela.data
 *(.rela.data)
 *(.rela.data.*)
 *(.rela.gnu.linkonce.d*)

.rel.ctors
 *(.rel.ctors)

.rela.ctors
 *(.rela.ctors)

.rel.dtors
 *(.rel.dtors)

.rela.dtors
 *(.rela.dtors)

.rel.got
 *(.rel.got)

.rela.got
 *(.rela.got)

.rel.bss
 *(.rel.bss)

.rela.bss
 *(.rela.bss)

.rel.plt
 *(.rel.plt)

.rela.plt
 *(.rela.plt)

.text           0x00000000     0xb3c6
 *(.vectors)
 .vectors       0x00000000       0x8c /Users/Administrator/local/lib/gcc/avr/3.4.3/../../../../avr/lib/avr5/crtm128.o
                0x00000000                __vectors
                0x00000000                __vector_default
 *(.sos_sysjmptbl)
 .sos_sysjmptbl
                0x0000008c       0xe0 sys_jmptable.o
                0x0000008c                sos_sysjmptbl
 *(.progmem*)
 .progmem.data  0x0000016c       0x10 vmac.o
 .progmem.data  0x0000017c       0x10 loader.o
 .progmem.data  0x0000018c       0x18 rfidtag.o
 .progmem.data  0x000001a4       0x18 IRtag.o
 .progmem.data  0x000001bc       0x10 sched.o
 .progmem.data  0x000001cc       0x18 message_net.o
 .progmem.data  0x000001e4       0x10 sos_module_fetcher.o
 .progmem.data  0x000001f4       0x70 sensor.o
 .progmem.data  0x00000264       0x50 sensor_system.o
 .progmem.data  0x000002b4       0x10 sos_uart.o
 .progmem.data  0x000002c4       0x10 exflash.o
 .progmem.data  0x000002d4       0x60 adc_proc.o
 .progmem.data  0x00000334      0x200 crc.o
                0x00000334                crcTable
 .progmem.gcc_sw_table
                0x00000534       0x26 avr_melfloader.o
 *(.progmem.gcc*)
                0x0000055a                . = ALIGN (0x2)
 *(.init0)
 *(.init1)
 *(.init2)
 .init2         0x0000055a        0xc /Users/Administrator/local/lib/gcc/avr/3.4.3/../../../../avr/lib/avr5/crtm128.o
 *(.init3)
 .init3         0x00000566       0x3c hardware.o
                0x00000566                sos_watchdog_processing
 *(.init4)
 .init4         0x000005a2       0x1a /Users/Administrator/local/lib/gcc/avr/3.4.3/../../../../avr/lib/avr5/crtm128.o
                0x000005a2                __do_copy_data
 .init4         0x000005bc       0x10 /Users/Administrator/local/lib/gcc/avr/3.4.3/avr5/libgcc.a(_clear_bss.o)
                0x000005bc                __do_clear_bss
 *(.init5)
 *(.init6)
 *(.init7)
 *(.init8)
 *(.init9)
 .init9         0x000005cc        0x4 /Users/Administrator/local/lib/gcc/avr/3.4.3/../../../../avr/lib/avr5/crtm128.o
 *(.text)
 .text          0x000005d0        0x4 /Users/Administrator/local/lib/gcc/avr/3.4.3/../../../../avr/lib/avr5/crtm128.o
                0x000005d0                __vector_22
                0x000005d0                __vector_28
                0x000005d0                __vector_1
                0x000005d0                __vector_32
                0x000005d0                __vector_34
                0x000005d0                __vector_24
                0x000005d0                __vector_12
                0x000005d0                __bad_interrupt
                0x000005d0                __vector_6
                0x000005d0                __vector_31
                0x000005d0                __vector_23
                0x000005d0                __vector_30
                0x000005d0                __vector_25
                0x000005d0                __vector_11
                0x000005d0                __vector_13
                0x000005d0                __vector_17
                0x000005d0                __vector_19
                0x000005d0                __vector_27
                0x000005d0                __vector_5
                0x000005d0                __vector_4
                0x000005d0                __vector_9
                0x000005d0                __vector_2
                0x000005d0                __vector_8
                0x000005d0                __vector_26
                0x000005d0                __vector_14
                0x000005d0                __vector_10
                0x000005d0                __vector_16
 .text          0x000005d4       0x60 hardware.o
                0x000005d4                init_IO
                0x0000061e                main
                0x000005f8                hardware_init
 .text          0x00000634       0x52 main.o
                0x00000634                sos_main
 .text          0x00000686      0x3de cc2420_hal.o
                0x000008b2                TC_SET_REG
                0x0000073c                TC_WRITE_WORD
                0x00000a60                host_to_net
                0x00000a62                net_to_host
                0x000009b4                TC_Enable_Interrupt
                0x00000a40                ker_radio_ack_enable
                0x00000a50                ker_radio_ack_disable
                0x00000984                TC_SetFIFOPCallBack
                0x000009e2                __vector_7
                0x00000998                TC_SetCCACallBack
                0x00000686                TC_UWAIT
                0x000006c8                TC_INIT_PINS
                0x000007dc                TC_READ_WORD
                0x000009a2                TC_SetSFDCallBack
                0x000006a4                TC_MWAIT
                0x0000098e                TC_SetFIFOCallBack
                0x000009d4                TC_Disable_Interrupt
                0x000006e6                TC_WRITE_BYTE
                0x00000970                TC_STROBE
                0x00000792                TC_READ_BYTE
                0x00000832                TC_GET_REG
 .text          0x00000a64      0x538 vhal.o
                0x00000bbe                Radio_Check_SFD
                0x00000a90                Radio_Init
                0x00000a64                Radio_Wakeup
                0x00000c80                Radio_Check_Preamble
                0x00000d9a                Radio_Recv_Pack
                0x00000b60                Radio_Check_CCA
                0x00000c1c                Radio_Send_CCA
                0x00000ccc                Radio_Send_Pack
 .text          0x00000f9c      0x7b6 vmac.o
                0x000014ee                _MacRecvCallBack
                0x00000fe2                radio_msg_gc
                0x000010c8                mac_to_vhal
                0x0000105c                mac_to_sosmsg
                0x000016a2                mac_init
                0x00000fac                radio_gc
                0x000014b8                _MacRecvAck
                0x0000148c                radio_msg_alloc
                0x00000fee                mac_set_recv_callback
                0x00000ff8                sosmsg_to_mac
                0x0000169c                radio_set_timestamp
                0x000010fc                vhal_to_mac
 .text          0x00001752      0x776 loader.o
                0x00001eb2                loader_get_header
 .text          0x00001ec8       0xa8 rfidtag.o
                0x00001f5a                rfidtag_get_header
 .text          0x00001f70       0x6c IRtag.o
                0x00001fc6                irtag_get_header
 .text          0x00001fdc      0x720 malloc.o
                0x00002536                ker_gc_mark
                0x000026ce                ker_sys_change_own
                0x00002690                ker_sys_realloc
                0x00001fdc                sos_blk_mem_change_own
                0x00002650                ker_sys_malloc
                0x00002392                mem_start
                0x000025b6                malloc_gc
                0x00002394                mem_remove_all
                0x00002330                sos_blk_mem_free
                0x000024ec                mem_init
                0x000023f0                sos_blk_mem_realloc
                0x00002228                sos_blk_mem_alloc
                0x000020a2                sos_blk_mem_longterm_alloc
                0x000026c6                ker_sys_free
                0x00002648                malloc_gc_kernel
                0x0000264a                malloc_gc_module
 .text          0x000026fc        0xa arfid.o
                0x000026fc                sos_start
 .text          0x00002706      0x99a sched.o
                0x00002a9a                ker_spawn_module
                0x00002afc                ker_register_module
                0x00002ed8                sched
                0x00003094                ker_mod_panic
                0x00002e80                sched_msg_gc
                0x00002eb2                sched_get_msg_rule
                0x00002e22                sched_gc
                0x0000305e                ker_panic
                0x000027dc                sched_get_all_module
                0x00002894                sched_register_kernel_module
                0x00002dd8                sched_msg_alloc
                0x00002dc2                ker_query_task
                0x000027cc                ker_get_caller_pid
                0x000027c4                ker_get_current_pid
                0x00002e8c                ker_msg_change_rules
                0x0000271c                sched_add_interrupt
                0x0000279a                ker_sys_get_module_state
                0x00002e02                sched_msg_remove
                0x00002b5c                ker_deregister_module
                0x0000273a                ker_get_module
                0x000028ee                sched_init
                0x00002d36                sched_dispatch_short_message
                0x00002ccc                ker_killall
                0x000027b2                ker_set_current_pid
                0x00002786                ker_get_module_state
 .text          0x000030a0      0x2b8 message.o
                0x0000318e                post_long
                0x000030a0                post_short
                0x00003116                post_longer
                0x000031c6                ker_sys_post
                0x00003298                ker_sys_msg_take_data
                0x000032ca                ker_sys_post_value
                0x00003224                ker_msg_take_data
 .text          0x00003358      0x4a4 message_queue.o
                0x00003708                mq_gc_mark_one_hdr
                0x00003746                msg_dispose
                0x00003616                mq_gc_mark_payload
                0x00003714                mq_gc
                0x000035ac                mq_get
                0x00003442                mq_dequeue
                0x00003778                msg_send_senddone
                0x00003372                mq_init
                0x0000369e                mq_gc_mark_hdr
                0x00003396                mq_enqueue
                0x00003716                msg_create
                0x00003358                msg_queue_init
 .text          0x000037fc      0x3ea message_net.o
                0x00003bc2                routing_init
                0x00003a4a                post_link
                0x00003b9c                ker_sys_routing_register
                0x00003ac4                post
                0x00003b2a                ker_sys_post_link
 .text          0x00003be6      0x9c4 codemem.o
                0x00004078                ker_codemem_write
                0x00003f92                ker_codemem_direct_write
                0x000043c6                ker_codemem_get_header_address
                0x0000456a                ker_sys_codemem_read
                0x000042b0                ker_codemem_get_header_from_code_id
                0x00003e26                ker_codemem_alloc
                0x000041a4                ker_codemem_read
                0x000043cc                ker_codemem_free
                0x000044c6                codemem_init
                0x00004284                codemem_register_module
                0x0000420c                ker_codemem_flush
                0x00004360                ker_codemem_mark_executable
                0x00004392                ker_codemem_get_start_address
                0x000040e0                ker_codemem_direct_read
 .text          0x000045aa      0xa0c sos_module_fetcher.o
                0x00004f8e                fetcher_init
                0x00004810                fetcher_cancel
                0x000047be                fetcher_commit
                0x000045aa                fetcher_request
                0x00004738                fetcher_restart
 .text          0x00004fb6      0xa30 fntable.o
                0x000059be                ker_sys_fntable_subscribe
                0x0000599a                ker_sys_leave_func
                0x000052f2                fntable_link_subscribed_functions
                0x00004fb6                fntable_init
                0x000050f4                fntable_real_subscribe
                0x00005934                ker_sys_enter_func
                0x00005824                fntable_remove_all
                0x000057c6                fntable_link
                0x000058e4                ker_get_func_ptr
                0x0000524c                ker_fntable_subscribe
                0x0000503c                ker_fntable_get_dfunc_addr
 .text          0x000059e6      0xe34 sos_timer.o
                0x0000636c                ker_sys_timer_start
                0x000060c6                ker_timer_init
                0x000062c6                ker_timer_restart
                0x00005a9e                timer_remove_all
                0x0000617e                ker_permanent_timer_init
                0x0000640c                ker_sys_timer_stop
                0x0000619a                timer_gc
                0x000059e6                timer_init
                0x00006254                ker_timer_start
                0x0000672a                timer_realtime_stop
                0x00006294                ker_timer_stop_and_release
                0x0000677a                __vector_15
                0x00006080                ker_timer_stop
                0x000063c6                ker_sys_timer_restart
                0x00006632                timer_realtime_start
                0x00005b92                timer_preallocate
 .text          0x0000681a      0x226 monitor.o
                0x00006882                ker_deregister_monitor
                0x000069bc                monitor_deliver_outgoing_msg_to_monitor
                0x00006828                ker_register_monitor
                0x0000681a                monitor_init
                0x0000691a                monitor_deliver_incoming_msg_to_monitor
                0x000068c8                monitor_remove_all
 .text          0x00006a40       0xc8 sos_list.o
                0x00006a68                list_insert_head
                0x00006a74                list_insert_tail
                0x00006ad8                list_remove_tail
                0x00006a40                list_insert_before
                0x00006ae4                list_init
                0x00006af0                list_empty
                0x00006acc                list_remove_head
                0x00006a7a                list_remove
 .text          0x00006b08      0x236 sos_info.o
                0x00006b0e                ker_set_id
                0x00006b18                ker_id
                0x00006b66                ker_gps
                0x00006d38                ker_set_group
                0x00006b22                ker_loc
                0x00006d1c                ker_uart_id
                0x00006b08                id_init
                0x00006d22                ker_i2c_id
                0x00006d30                ker_get_group
                0x00006d28                ker_hw_type
                0x00006b84                ker_loc_r2
 .text          0x00006d3e       0x9e random.o
                0x00006d3e                random_init
                0x00006d96                ker_rand
 .text          0x00006ddc      0x224 timestamp.o
                0x00006f80                ker_timestamp_query
                0x00006f48                ker_timestamp_deregister
                0x00006e6a                timestamp_outgoing
                0x00006e8e                ker_timestamp_register
                0x00006e46                timestamp_incoming
 .text          0x00007000      0x2f4 sensor.o
                0x0000709e                ker_sensor_deregister
                0x000070ee                ker_sensor_get_data
                0x0000714e                ker_sensor_enable
                0x00007046                ker_sensor_register
                0x000072c2                sensor_remove_all
                0x000071a2                ker_sensor_disable
                0x00007248                ker_sensor_data_ready
                0x000071f8                ker_sensor_control
                0x00007006                sensor_init
 .text          0x000072f4      0x2d8 sensor_system.o
                0x00007374                ker_sys_sensor_driver_register
                0x00007524                ker_sys_sensor_start_sampling
                0x000072fa                sensor_system_init
                0x00007562                ker_sensor_stop_sampling
                0x000075b4                ker_sys_sensor_stop_sampling
                0x000073bc                ker_sys_sensor_driver_deregister
                0x000073d4                ker_sensor_start_sampling
                0x00007394                ker_sensor_driver_deregister
                0x00007334                ker_sensor_driver_register
 .text          0x000075cc      0x4ac sos_shm.o
                0x0000781e                ker_sys_shm_open
                0x00007a4e                shm_init
                0x0000765a                ker_shm_open
                0x000078e2                ker_sys_shm_wait
                0x0000789a                ker_sys_shm_close
                0x000076d8                ker_shm_update
                0x000077a8                ker_shm_wait
                0x00007914                ker_sys_shm_stopwait
                0x00007704                ker_shm_close
                0x00007792                ker_shm_get
                0x000077e2                ker_shm_stopwait
                0x000079fa                shm_gc
                0x0000785c                ker_sys_shm_update
                0x000078cc                ker_sys_shm_get
                0x00007946                shm_remove_all
 .text          0x00007a78      0x2e2 slab.o
                0x00007b00                ker_slab_alloc
                0x00007cdc                slab_gc
                0x00007a78                ker_slab_init
                0x00007c54                slab_gc_mark
                0x00007bc0                ker_slab_free
 .text          0x00007d5a       0x1e error_type.o
                0x00007d68                error_32
                0x00007d5a                error_v
                0x00007d5c                error_8
                0x00007d72                error_ptr
                0x00007d62                error_16
 .text          0x00007d78       0x76 led.o
                0x00007d78                ker_led
 .text          0x00007dee      0x248 sos_uart.o
                0x00007ef6                uart_msg_gc
                0x00007ec6                uart_gc
                0x00007dee                sos_uart_init
                0x00007e7a                uart_msg_alloc
 .text          0x00008036       0x26 sos_uart_mgr.o
                0x00008036                check_uart_address
                0x00008052                set_uart_address
 .text          0x0000805c      0xba6 exflash.o
                0x00008bca                ker_exflash_sync
                0x00008afc                ker_exflash_read
                0x00008140                exflash_init
                0x000080ce                __vector_3
                0x00008bd8                ker_exflash_flush
                0x00008bf4                ker_exflash_flushAll
                0x00008b28                ker_exflash_computeCrc
                0x00008be6                ker_exflash_syncAll
                0x00008ba0                ker_exflash_erase
                0x00008b74                ker_exflash_write
 .text          0x00008c02       0x18 adc_proc_hw.o
                0x00008c02                adc_proc_hardware_init
 .text          0x00008c1a      0x3c4 adc_proc.o
                0x00008c20                adc_proc_init
                0x00008d86                ker_adc_proc_getData
                0x00008c94                ker_adc_proc_bindPort
                0x00008eb4                ker_adc_proc_stopPerodicData
                0x00008e2a                ker_adc_proc_getPerodicData
                0x00008d2c                ker_adc_proc_unbindPort
                0x00008ed6                __vector_21
 .text          0x00008fde      0x804 i2c.o
                0x00009008                i2c_initTransceiver
                0x00009154                i2c_startTransceiverRx
                0x000091fe                __vector_33
                0x000090b0                i2c_startTransceiverTx
                0x00008fde                i2c_hardware_init
 .text          0x000097e2      0x47c i2c_system.o
                0x00009824                ker_i2c_reserve_bus
                0x000097e2                i2c_system_init
                0x00009a58                i2c_read_done
                0x000098c6                ker_i2c_send_data
                0x00009966                ker_i2c_read_data
                0x00009880                ker_i2c_release_bus
                0x000099cc                i2c_send_done
 .text          0x00009c5e       0x30 uart_hal.o
                0x00009c5e                uart_hardware_init
 .text          0x00009c8e      0xa60 uart.o
                0x00009c8e                uart_init
                0x00009d7c                uart_startTransceiverRx
                0x00009cee                uart_startTransceiverTx
                0x00009cd8                uart_getState
                0x00009dec                uart_getRecievedData
                0x00009cc4                uart_rx_msg_gc
                0x0000a242                __vector_18
                0x00009e36                __vector_20
 .text          0x0000a6ee      0x234 uart_system.o
                0x0000a77a                ker_uart_release_bus
                0x0000a732                ker_uart_reserve_bus
                0x0000a89a                uart_send_done
                0x0000a802                ker_uart_send_data
                0x0000a852                ker_uart_read_data
                0x0000a8f0                uart_read_done
                0x0000a6ee                uart_system_init
 .text          0x0000a922       0xee flash_api.o
                0x0000a922                flash_init
                0x0000a980                flash_read
 .text          0x0000aa10       0xb4 systime.o
                0x0000aabe                systime_stop
                0x0000aa1a                ker_systime16H
                0x0000aa24                ker_systime32
                0x0000aa10                ker_systime16L
                0x0000aa9c                systime_init
                0x0000aa54                __vector_29
 .text          0x0000aac4       0x68 timer.o
                0x0000aac4                timer_hardware_init
                0x0000aaf6                timer_setInterval
 .text          0x0000ab2c      0x324 avr_melfloader.o
                0x0000ab2c                melf_arch_relocate
 .text          0x0000ae50      0x3e4 melfloader.o
                0x0000afac                melf_get_header_address
                0x0000af18                melf_read_progbits_shdr
                0x0000b08a                melf_load_module
                0x0000ae50                melf_begin
 .text          0x0000b234       0x10 minielfendian.o
                0x0000b23e                ehton_Shdr
                0x0000b23c                ehton_Mhdr
                0x0000b238                entoh_Sym
                0x0000b236                entoh_Shdr
                0x0000b23a                entoh_Rela
                0x0000b242                ehton_Rela
                0x0000b240                ehton_Sym
                0x0000b234                entoh_Mhdr
 .text          0x0000b244       0x68 sos_fnptr_call.o
                0x0000b244                ker_sys_fnptr_call
 .text          0x0000b2ac       0x12 /Users/Administrator/local/lib/gcc/avr/3.4.3/../../../../avr/lib/avr5/libc.a(memcpy.o)
                0x0000b2ac                memcpy
                0x0000b2be                . = ALIGN (0x2)
 *(.text.*)
 .text.libgcc   0x0000b2be       0x3e /Users/Administrator/local/lib/gcc/avr/3.4.3/avr5/libgcc.a(_mulsi3.o)
                0x0000b2be                __mulsi3
 .text.libgcc   0x0000b2fc       0x28 /Users/Administrator/local/lib/gcc/avr/3.4.3/avr5/libgcc.a(_udivmodhi4.o)
                0x0000b2fc                __udivmodhi4
 .text.libgcc   0x0000b324       0x26 /Users/Administrator/local/lib/gcc/avr/3.4.3/avr5/libgcc.a(_divmodhi4.o)
                0x0000b324                __divmodhi4
                0x0000b324                _div
 .text.libgcc   0x0000b34a       0x36 /Users/Administrator/local/lib/gcc/avr/3.4.3/avr5/libgcc.a(_divmodsi4.o)
                0x0000b34a                __divmodsi4
 .text.libgcc   0x0000b380       0x44 /Users/Administrator/local/lib/gcc/avr/3.4.3/avr5/libgcc.a(_udivmodsi4.o)
                0x0000b380                __udivmodsi4
                0x0000b3c4                . = ALIGN (0x2)
 *(.fini9)
 *(.fini8)
 *(.fini7)
 *(.fini6)
 *(.fini5)
 *(.fini4)
 *(.fini3)
 *(.fini2)
 *(.fini1)
 *(.fini0)
 .fini0         0x0000b3c4        0x2 /Users/Administrator/local/lib/gcc/avr/3.4.3/avr5/libgcc.a(_exit.o)
                0x0000b3c6                _etext = .
                0x0000b3c6                PROVIDE (__text_end, .)

.data           0x00800100       0x1c load address 0x0000b3c6
                0x00800100                PROVIDE (__data_start, .)
 *(.data)
 .data          0x00800100        0x3 IRtag.o
                0x00800100                counter
                0x00800101                code
 .data          0x00800103       0x17 sos_info.o
                0x00800112                node_loc
                0x00800103                hw_type
                0x00800104                node_address
                0x00800106                gps_loc
 .data          0x0080011a        0x2 sos_uart_mgr.o
 *(.gnu.linkonce.d*)
                0x0080011c                . = ALIGN (0x2)
                0x0080011c                _edata = .
                0x0080011c                PROVIDE (__data_end, .)

.bss            0x0080011c      0xad4
                0x0080011c                PROVIDE (__bss_start, .)
 *(.bss)
 .bss           0x0080011c        0xd cc2420_hal.o
                0x00800124                _FIFOP_IS_SET_CALL
                0x00800122                _FIFO_IS_SET_CALL
                0x0080011c                _SFD_IS_CLR_CALL
                0x00800120                _CCA_IS_SET_CALL
                0x00800126                _current_stat
                0x0080011e                _SFD_IS_SET_CALL
 .bss           0x00800129       0x39 vmac.o
                0x00800129                _mac_recv_callback
 .bss           0x00800162       0x39 loader.o
 .bss           0x0080019b      0x804 malloc.o
 .bss           0x0080099f       0x42 sched.o
                0x0080099f                sched_stalled
 .bss           0x008009e1        0x6 message_queue.o
 .bss           0x008009e7        0xa message_net.o
 .bss           0x008009f1       0x51 codemem.o
 .bss           0x00800a42       0x25 sos_module_fetcher.o
 .bss           0x00800a67       0x33 sos_timer.o
 .bss           0x00800a9a        0x2 monitor.o
 .bss           0x00800a9c        0x1 sos_info.o
                0x00800a9c                node_group_id
 .bss           0x00800a9d        0x6 random.o
 .bss           0x00800aa3        0x2 timestamp.o
 .bss           0x00800aa5       0x50 sensor.o
 .bss           0x00800af5       0x20 sensor_system.o
 .bss           0x00800b15        0xe sos_shm.o
 .bss           0x00800b23       0x13 sos_uart.o
 .bss           0x00800b36       0x2b exflash.o
 .bss           0x00800b61       0x45 adc_proc.o
 .bss           0x00800ba6       0x14 i2c.o
 .bss           0x00800bba        0xa i2c_system.o
 .bss           0x00800bc4        0x1 uart_hal.o
 .bss           0x00800bc5       0x1c uart.o
 .bss           0x00800be1        0xa uart_system.o
 .bss           0x00800beb        0x2 systime.o
 *(COMMON)
 COMMON         0x00800bed        0x3 sched.o
                                  0x0 (size before relaxing)
                0x00800bed                curr_pid
                0x00800bee                pid_sp
                0x00800bf0                PROVIDE (__bss_end, .)
                0x0000b3c6                __data_load_start = LOADADDR (.data)
                0x0000b3e2                __data_load_end = (__data_load_start + SIZEOF (.data))

.noinit         0x00800bf0       0x19
                0x00800bf0                PROVIDE (__noinit_start, .)
 *(.noinit*)
 .noinit        0x00800bf0        0x1 hardware.o
 .noinit        0x00800bf1       0x18 sched.o
                0x00800bf1                schedpq
                0x00800c09                PROVIDE (__noinit_end, .)
                0x00800c09                _end = .
                0x00800c09                PROVIDE (__heap_start, .)

.eeprom         0x00810000        0x0 load address 0x0000b3e2
 *(.eeprom*)
                0x00810000                __eeprom_end = .

.stab           0x00000000    0x21b1c
 *(.stab)
 .stab          0x00000000      0x408 /Users/Administrator/local/lib/gcc/avr/3.4.3/../../../../avr/lib/avr5/crtm128.o
 .stab          0x00000408      0xf48 hardware.o
                                0xf54 (size before relaxing)
 .stab          0x00001350      0x540 main.o
                                0xec4 (size before relaxing)
 .stab          0x00001890      0xdc8 cc2420_hal.o
                               0x174c (size before relaxing)
 .stab          0x00002658      0xc9c vhal.o
                               0x1620 (size before relaxing)
 .stab          0x000032f4     0x1554 vmac.o
                               0x1ef0 (size before relaxing)
 .stab          0x00004848     0x1374 loader.o
                               0x1998 (size before relaxing)
 .stab          0x00005bbc      0x4e0 rfidtag.o
                                0xed0 (size before relaxing)
 .stab          0x0000609c      0x450 IRtag.o
                                0xe94 (size before relaxing)
 .stab          0x000064ec     0x153c malloc.o
                               0x1cec (size before relaxing)
 .stab          0x00007a28      0x2ac arfid.o
                                0x96c (size before relaxing)
 .stab          0x00007cd4     0x1e48 sched.o
                               0x270c (size before relaxing)
 .stab          0x00009b1c      0x930 message.o
                                0xee8 (size before relaxing)
 .stab          0x0000a44c      0xf3c message_queue.o
                               0x1800 (size before relaxing)
 .stab          0x0000b388      0xbf4 message_net.o
                               0x15c0 (size before relaxing)
 .stab          0x0000bf7c     0x17a0 codemem.o
                               0x21d8 (size before relaxing)
 .stab          0x0000d71c     0x1464 sos_module_fetcher.o
                               0x1e6c (size before relaxing)
 .stab          0x0000eb80     0x11e8 fntable.o
                               0x17a0 (size before relaxing)
 .stab          0x0000fd68     0x1ddc sos_timer.o
                               0x2448 (size before relaxing)
 .stab          0x00011b44      0x780 monitor.o
                                0xd08 (size before relaxing)
 .stab          0x000122c4      0x4f8 sos_list.o
                                0xa98 (size before relaxing)
 .stab          0x000127bc      0x624 sos_info.o
                                0xcfc (size before relaxing)
 .stab          0x00012de0      0x414 random.o
                                0xad4 (size before relaxing)
 .stab          0x000131f4      0x7a4 timestamp.o
                               0x1134 (size before relaxing)
 .stab          0x00013998      0x864 sensor.o
                                0xf54 (size before relaxing)
 .stab          0x000141fc      0x81c sensor_system.o
                                0xedc (size before relaxing)
 .stab          0x00014a18      0x288 sos_logging.o
                                0x978 (size before relaxing)
 .stab          0x00014ca0      0xf0c sos_shm.o
                               0x1608 (size before relaxing)
 .stab          0x00015bac      0x96c slab.o
                               0x1068 (size before relaxing)
 .stab          0x00016518      0x2c4 error_type.o
                                0x57c (size before relaxing)
 .stab          0x000167dc      0x33c led.o
                                0x9fc (size before relaxing)
 .stab          0x00016b18      0x894 sos_uart.o
                               0x1230 (size before relaxing)
 .stab          0x000173ac      0x264 sos_uart_mgr.o
                                0x5ac (size before relaxing)
 .stab          0x00017610      0x384 sos_i2c.o
                                0xd20 (size before relaxing)
 .stab          0x00017994      0x39c sos_i2c_mgr.o
                                0xd20 (size before relaxing)
 .stab          0x00017d30     0x1b54 exflash.o
                               0x24d8 (size before relaxing)
 .stab          0x00019884      0x240 adc_proc_hw.o
                                0x504 (size before relaxing)
 .stab          0x00019ac4      0xba0 adc_proc.o
                               0x13f8 (size before relaxing)
 .stab          0x0001a664     0x12a8 i2c.o
                               0x1c50 (size before relaxing)
 .stab          0x0001b90c      0xee8 i2c_system.o
                               0x1740 (size before relaxing)
 .stab          0x0001c7f4      0x45c uart_hal.o
                                0xe04 (size before relaxing)
 .stab          0x0001cc50     0x1968 uart.o
                               0x2334 (size before relaxing)
 .stab          0x0001e5b8      0x8d0 uart_system.o
                               0x12a8 (size before relaxing)
 .stab          0x0001ee88      0x7e0 flash_api.o
                               0x1164 (size before relaxing)
 .stab          0x0001f668      0x384 crc.o
                                0xd08 (size before relaxing)
 .stab          0x0001f9ec      0x3fc systime.o
                                0x6c0 (size before relaxing)
 .stab          0x0001fde8      0x450 timer.o
                                0xba0 (size before relaxing)
 .stab          0x00020238      0x714 avr_melfloader.o
                                0xde0 (size before relaxing)
 .stab          0x0002094c      0x87c melfloader.o
                                0xf24 (size before relaxing)
 .stab          0x000211c8      0x378 minielfendian.o
                                0x564 (size before relaxing)
 .stab          0x00021540      0x1f8 sos_fnptr_call.o
                                0x204 (size before relaxing)
 .stab          0x00021738      0x2b8 sys_jmptable.o
                                0x2c4 (size before relaxing)
 .stab          0x000219f0       0xa8 flash.o
                                 0xb4 (size before relaxing)
 .stab          0x00021a98       0x84 /Users/Administrator/local/lib/gcc/avr/3.4.3/../../../../avr/lib/avr5/libc.a(memcpy.o)
                                 0x90 (size before relaxing)

.stabstr        0x00000000    0x104ab
 *(.stabstr)
 .stabstr       0x00000000    0x104ab /Users/Administrator/local/lib/gcc/avr/3.4.3/../../../../avr/lib/avr5/crtm128.o
                                  0x0 (size before relaxing)

.stab.excl
 *(.stab.excl)

.stab.exclstr
 *(.stab.exclstr)

.stab.index
 *(.stab.index)

.stab.indexstr
 *(.stab.indexstr)

.comment
 *(.comment)

.debug
 *(.debug)

.line
 *(.line)

.debug_srcinfo
 *(.debug_srcinfo)

.debug_sfnames
 *(.debug_sfnames)

.debug_aranges
 *(.debug_aranges)

.debug_pubnames
 *(.debug_pubnames)

.debug_info
 *(.debug_info)
 *(.gnu.linkonce.wi.*)

.debug_abbrev
 *(.debug_abbrev)

.debug_line
 *(.debug_line)

.debug_frame
 *(.debug_frame)

.debug_str
 *(.debug_str)

.debug_loc
 *(.debug_loc)

.debug_macinfo
 *(.debug_macinfo)
LOAD /Users/Administrator/local/lib/gcc/avr/3.4.3/avr5/libgcc.a
LOAD /Users/Administrator/local/lib/gcc/avr/3.4.3/../../../../avr/lib/avr5/libc.a
LOAD /Users/Administrator/local/lib/gcc/avr/3.4.3/avr5/libgcc.a
OUTPUT(arfid.elf elf32-avr)

.sos_bls        0x0001fc00      0x1ee
 .sos_bls       0x0001fc00      0x1d2 flash_api.o
                0x0001fc02                flash_write
                0x0001fc00                flash_erase
 .sos_bls       0x0001fdd2       0x1c flash.o
                0x0001fdd2                SpmCommand
                0x0001fdd6                SpmBufferFill

Cross Reference Table

Symbol                                            File
Radio_Check_CCA                                   vhal.o
                                                  vmac.o
Radio_Check_Preamble                              vhal.o
Radio_Check_SFD                                   vhal.o
Radio_Init                                        vhal.o
                                                  vmac.o
Radio_Recv_Pack                                   vhal.o
                                                  vmac.o
Radio_Send_CCA                                    vhal.o
Radio_Send_Pack                                   vhal.o
                                                  vmac.o
Radio_Wakeup                                      vhal.o
SpmBufferFill                                     flash.o
                                                  flash_api.o
SpmCommand                                        flash.o
                                                  flash_api.o
TC_Disable_Interrupt                              cc2420_hal.o
                                                  vmac.o
TC_Enable_Interrupt                               cc2420_hal.o
                                                  vmac.o
TC_GET_REG                                        cc2420_hal.o
TC_INIT_PINS                                      cc2420_hal.o
                                                  vhal.o
TC_MWAIT                                          cc2420_hal.o
TC_READ_BYTE                                      cc2420_hal.o
                                                  vhal.o
TC_READ_WORD                                      cc2420_hal.o
TC_SET_REG                                        cc2420_hal.o
                                                  vmac.o
                                                  vhal.o
TC_STROBE                                         cc2420_hal.o
                                                  vmac.o
                                                  vhal.o
TC_SetCCACallBack                                 cc2420_hal.o
TC_SetFIFOCallBack                                cc2420_hal.o
TC_SetFIFOPCallBack                               cc2420_hal.o
                                                  vmac.o
TC_SetSFDCallBack                                 cc2420_hal.o
TC_UWAIT                                          cc2420_hal.o
                                                  vhal.o
TC_WRITE_BYTE                                     cc2420_hal.o
                                                  vhal.o
TC_WRITE_WORD                                     cc2420_hal.o
_CCA_IS_SET_CALL                                  cc2420_hal.o
_FIFOP_IS_SET_CALL                                cc2420_hal.o
_FIFO_IS_SET_CALL                                 cc2420_hal.o
_MacRecvAck                                       vmac.o
                                                  vhal.o
_MacRecvCallBack                                  vmac.o
_SFD_IS_CLR_CALL                                  cc2420_hal.o
_SFD_IS_SET_CALL                                  cc2420_hal.o
                                                  vhal.o
__bad_interrupt                                   /Users/Administrator/local/lib/gcc/avr/3.4.3/../../../../avr/lib/avr5/crtm128.o
__bss_end                                         /Users/Administrator/local/lib/gcc/avr/3.4.3/avr5/libgcc.a(_clear_bss.o)
__bss_start                                       /Users/Administrator/local/lib/gcc/avr/3.4.3/avr5/libgcc.a(_clear_bss.o)
__data_end                                        /Users/Administrator/local/lib/gcc/avr/3.4.3/../../../../avr/lib/avr5/crtm128.o
__data_load_start                                 /Users/Administrator/local/lib/gcc/avr/3.4.3/../../../../avr/lib/avr5/crtm128.o
__data_start                                      /Users/Administrator/local/lib/gcc/avr/3.4.3/../../../../avr/lib/avr5/crtm128.o
__divmodhi4                                       /Users/Administrator/local/lib/gcc/avr/3.4.3/avr5/libgcc.a(_divmodhi4.o)
                                                  slab.o
                                                  vmac.o
__divmodsi4                                       /Users/Administrator/local/lib/gcc/avr/3.4.3/avr5/libgcc.a(_divmodsi4.o)
                                                  loader.o
__do_clear_bss                                    /Users/Administrator/local/lib/gcc/avr/3.4.3/avr5/libgcc.a(_clear_bss.o)
                                                  minielfendian.o
                                                  melfloader.o
                                                  avr_melfloader.o
                                                  timer.o
                                                  systime.o
                                                  crc.o
                                                  flash_api.o
                                                  uart_system.o
                                                  uart.o
                                                  uart_hal.o
                                                  i2c_system.o
                                                  i2c.o
                                                  adc_proc.o
                                                  adc_proc_hw.o
                                                  exflash.o
                                                  sos_i2c_mgr.o
                                                  sos_i2c.o
                                                  sos_uart_mgr.o
                                                  sos_uart.o
                                                  led.o
                                                  error_type.o
                                                  slab.o
                                                  sos_shm.o
                                                  sos_logging.o
                                                  sensor_system.o
                                                  sensor.o
                                                  timestamp.o
                                                  random.o
                                                  sos_info.o
                                                  sos_list.o
                                                  monitor.o
                                                  sos_timer.o
                                                  fntable.o
                                                  sos_module_fetcher.o
                                                  codemem.o
                                                  message_net.o
                                                  message_queue.o
                                                  message.o
                                                  sched.o
                                                  arfid.o
                                                  malloc.o
                                                  IRtag.o
                                                  rfidtag.o
                                                  loader.o
                                                  vmac.o
                                                  vhal.o
                                                  cc2420_hal.o
                                                  main.o
                                                  hardware.o
__do_copy_data                                    /Users/Administrator/local/lib/gcc/avr/3.4.3/../../../../avr/lib/avr5/crtm128.o
                                                  minielfendian.o
                                                  melfloader.o
                                                  avr_melfloader.o
                                                  timer.o
                                                  systime.o
                                                  crc.o
                                                  flash_api.o
                                                  uart_system.o
                                                  uart.o
                                                  uart_hal.o
                                                  i2c_system.o
                                                  i2c.o
                                                  adc_proc.o
                                                  adc_proc_hw.o
                                                  exflash.o
                                                  sos_i2c_mgr.o
                                                  sos_i2c.o
                                                  sos_uart_mgr.o
                                                  sos_uart.o
                                                  led.o
                                                  error_type.o
                                                  slab.o
                                                  sos_shm.o
                                                  sos_logging.o
                                                  sensor_system.o
                                                  sensor.o
                                                  timestamp.o
                                                  random.o
                                                  sos_info.o
                                                  sos_list.o
                                                  monitor.o
                                                  sos_timer.o
                                                  fntable.o
                                                  sos_module_fetcher.o
                                                  codemem.o
                                                  message_net.o
                                                  message_queue.o
                                                  message.o
                                                  sched.o
                                                  arfid.o
                                                  malloc.o
                                                  IRtag.o
                                                  rfidtag.o
                                                  loader.o
                                                  vmac.o
                                                  vhal.o
                                                  cc2420_hal.o
                                                  main.o
                                                  hardware.o
__heap_end                                        /Users/Administrator/local/lib/gcc/avr/3.4.3/../../../../avr/lib/avr5/crtm128.o
__init                                            /Users/Administrator/local/lib/gcc/avr/3.4.3/../../../../avr/lib/avr5/crtm128.o
__mulsi3                                          /Users/Administrator/local/lib/gcc/avr/3.4.3/avr5/libgcc.a(_mulsi3.o)
                                                  sos_info.o
__stack                                           /Users/Administrator/local/lib/gcc/avr/3.4.3/../../../../avr/lib/avr5/crtm128.o
                                                  hardware.o
__text_end                                        flash_api.o
__udivmodhi4                                      /Users/Administrator/local/lib/gcc/avr/3.4.3/avr5/libgcc.a(_udivmodhi4.o)
                                                  /Users/Administrator/local/lib/gcc/avr/3.4.3/avr5/libgcc.a(_divmodhi4.o)
                                                  vmac.o
__udivmodsi4                                      /Users/Administrator/local/lib/gcc/avr/3.4.3/avr5/libgcc.a(_udivmodsi4.o)
                                                  /Users/Administrator/local/lib/gcc/avr/3.4.3/avr5/libgcc.a(_divmodsi4.o)
__vector_1                                        /Users/Administrator/local/lib/gcc/avr/3.4.3/../../../../avr/lib/avr5/crtm128.o
__vector_10                                       /Users/Administrator/local/lib/gcc/avr/3.4.3/../../../../avr/lib/avr5/crtm128.o
__vector_11                                       /Users/Administrator/local/lib/gcc/avr/3.4.3/../../../../avr/lib/avr5/crtm128.o
__vector_12                                       /Users/Administrator/local/lib/gcc/avr/3.4.3/../../../../avr/lib/avr5/crtm128.o
__vector_13                                       /Users/Administrator/local/lib/gcc/avr/3.4.3/../../../../avr/lib/avr5/crtm128.o
__vector_14                                       /Users/Administrator/local/lib/gcc/avr/3.4.3/../../../../avr/lib/avr5/crtm128.o
__vector_15                                       sos_timer.o
                                                  /Users/Administrator/local/lib/gcc/avr/3.4.3/../../../../avr/lib/avr5/crtm128.o
__vector_16                                       /Users/Administrator/local/lib/gcc/avr/3.4.3/../../../../avr/lib/avr5/crtm128.o
__vector_17                                       /Users/Administrator/local/lib/gcc/avr/3.4.3/../../../../avr/lib/avr5/crtm128.o
__vector_18                                       uart.o
                                                  /Users/Administrator/local/lib/gcc/avr/3.4.3/../../../../avr/lib/avr5/crtm128.o
__vector_19                                       /Users/Administrator/local/lib/gcc/avr/3.4.3/../../../../avr/lib/avr5/crtm128.o
__vector_2                                        /Users/Administrator/local/lib/gcc/avr/3.4.3/../../../../avr/lib/avr5/crtm128.o
__vector_20                                       uart.o
                                                  /Users/Administrator/local/lib/gcc/avr/3.4.3/../../../../avr/lib/avr5/crtm128.o
__vector_21                                       adc_proc.o
                                                  /Users/Administrator/local/lib/gcc/avr/3.4.3/../../../../avr/lib/avr5/crtm128.o
__vector_22                                       /Users/Administrator/local/lib/gcc/avr/3.4.3/../../../../avr/lib/avr5/crtm128.o
__vector_23                                       /Users/Administrator/local/lib/gcc/avr/3.4.3/../../../../avr/lib/avr5/crtm128.o
__vector_24                                       /Users/Administrator/local/lib/gcc/avr/3.4.3/../../../../avr/lib/avr5/crtm128.o
__vector_25                                       /Users/Administrator/local/lib/gcc/avr/3.4.3/../../../../avr/lib/avr5/crtm128.o
__vector_26                                       /Users/Administrator/local/lib/gcc/avr/3.4.3/../../../../avr/lib/avr5/crtm128.o
__vector_27                                       /Users/Administrator/local/lib/gcc/avr/3.4.3/../../../../avr/lib/avr5/crtm128.o
__vector_28                                       /Users/Administrator/local/lib/gcc/avr/3.4.3/../../../../avr/lib/avr5/crtm128.o
__vector_29                                       systime.o
                                                  /Users/Administrator/local/lib/gcc/avr/3.4.3/../../../../avr/lib/avr5/crtm128.o
__vector_3                                        exflash.o
                                                  /Users/Administrator/local/lib/gcc/avr/3.4.3/../../../../avr/lib/avr5/crtm128.o
__vector_30                                       /Users/Administrator/local/lib/gcc/avr/3.4.3/../../../../avr/lib/avr5/crtm128.o
__vector_31                                       /Users/Administrator/local/lib/gcc/avr/3.4.3/../../../../avr/lib/avr5/crtm128.o
__vector_32                                       /Users/Administrator/local/lib/gcc/avr/3.4.3/../../../../avr/lib/avr5/crtm128.o
__vector_33                                       i2c.o
                                                  /Users/Administrator/local/lib/gcc/avr/3.4.3/../../../../avr/lib/avr5/crtm128.o
__vector_34                                       /Users/Administrator/local/lib/gcc/avr/3.4.3/../../../../avr/lib/avr5/crtm128.o
__vector_4                                        /Users/Administrator/local/lib/gcc/avr/3.4.3/../../../../avr/lib/avr5/crtm128.o
__vector_5                                        /Users/Administrator/local/lib/gcc/avr/3.4.3/../../../../avr/lib/avr5/crtm128.o
__vector_6                                        /Users/Administrator/local/lib/gcc/avr/3.4.3/../../../../avr/lib/avr5/crtm128.o
__vector_7                                        cc2420_hal.o
                                                  /Users/Administrator/local/lib/gcc/avr/3.4.3/../../../../avr/lib/avr5/crtm128.o
__vector_8                                        /Users/Administrator/local/lib/gcc/avr/3.4.3/../../../../avr/lib/avr5/crtm128.o
__vector_9                                        /Users/Administrator/local/lib/gcc/avr/3.4.3/../../../../avr/lib/avr5/crtm128.o
__vector_default                                  /Users/Administrator/local/lib/gcc/avr/3.4.3/../../../../avr/lib/avr5/crtm128.o
__vectors                                         /Users/Administrator/local/lib/gcc/avr/3.4.3/../../../../avr/lib/avr5/crtm128.o
_current_stat                                     cc2420_hal.o
                                                  vmac.o
                                                  vhal.o
_div                                              /Users/Administrator/local/lib/gcc/avr/3.4.3/avr5/libgcc.a(_divmodhi4.o)
_exit                                             /Users/Administrator/local/lib/gcc/avr/3.4.3/avr5/libgcc.a(_exit.o)
_mac_recv_callback                                vmac.o
adc_proc_hardware_init                            adc_proc_hw.o
                                                  adc_proc.o
adc_proc_init                                     adc_proc.o
                                                  hardware.o
check_uart_address                                sos_uart_mgr.o
                                                  message_net.o
code                                              IRtag.o
codemem_init                                      codemem.o
                                                  main.o
codemem_register_module                           codemem.o
counter                                           IRtag.o
crcTable                                          crc.o
                                                  uart.o
                                                  i2c_system.o
                                                  i2c.o
                                                  exflash.o
curr_pid                                          sos_fnptr_call.o
                                                  monitor.o
                                                  sched.o
ehton_Mhdr                                        minielfendian.o
ehton_Rela                                        minielfendian.o
ehton_Shdr                                        minielfendian.o
ehton_Sym                                         minielfendian.o
entoh_Mhdr                                        minielfendian.o
                                                  melfloader.o
entoh_Rela                                        minielfendian.o
                                                  melfloader.o
entoh_Shdr                                        minielfendian.o
                                                  melfloader.o
entoh_Sym                                         minielfendian.o
                                                  melfloader.o
error_16                                          error_type.o
error_32                                          error_type.o
error_8                                           error_type.o
                                                  adc_proc.o
                                                  sensor_system.o
                                                  sensor.o
                                                  IRtag.o
                                                  rfidtag.o
error_ptr                                         error_type.o
error_v                                           error_type.o
exflash_init                                      exflash.o
exit                                              /Users/Administrator/local/lib/gcc/avr/3.4.3/avr5/libgcc.a(_exit.o)
                                                  hardware.o
fetcher_cancel                                    sos_module_fetcher.o
                                                  loader.o
fetcher_commit                                    sos_module_fetcher.o
                                                  loader.o
fetcher_init                                      sos_module_fetcher.o
                                                  main.o
fetcher_request                                   sos_module_fetcher.o
                                                  loader.o
fetcher_restart                                   sos_module_fetcher.o
                                                  loader.o
flash_erase                                       flash_api.o
                                                  codemem.o
flash_init                                        flash_api.o
                                                  codemem.o
flash_read                                        flash_api.o
                                                  codemem.o
flash_write                                       flash_api.o
                                                  codemem.o
fntable_init                                      fntable.o
                                                  main.o
fntable_link                                      fntable.o
                                                  sched.o
fntable_link_subscribed_functions                 fntable.o
fntable_real_subscribe                            fntable.o
fntable_remove_all                                fntable.o
                                                  sched.o
gps_loc                                           sos_info.o
hardware_init                                     hardware.o
                                                  main.o
host_to_net                                       cc2420_hal.o
                                                  vmac.o
hw_type                                           sos_info.o
i2c_hardware_init                                 i2c.o
                                                  i2c_system.o
i2c_initTransceiver                               i2c.o
                                                  i2c_system.o
i2c_read_done                                     i2c_system.o
                                                  i2c.o
i2c_send_done                                     i2c_system.o
                                                  i2c.o
i2c_startTransceiverRx                            i2c.o
                                                  i2c_system.o
i2c_startTransceiverTx                            i2c.o
                                                  i2c_system.o
i2c_system_init                                   i2c_system.o
                                                  hardware.o
id_init                                           sos_info.o
                                                  main.o
init_IO                                           hardware.o
irtag_get_header                                  IRtag.o
                                                  arfid.o
ker_adc_proc_bindPort                             adc_proc.o
                                                  sys_jmptable.o
ker_adc_proc_getData                              adc_proc.o
                                                  sys_jmptable.o
ker_adc_proc_getPerodicData                       adc_proc.o
ker_adc_proc_stopPerodicData                      adc_proc.o
ker_adc_proc_unbindPort                           adc_proc.o
                                                  sys_jmptable.o
ker_codemem_alloc                                 codemem.o
                                                  loader.o
ker_codemem_direct_read                           codemem.o
ker_codemem_direct_write                          codemem.o
ker_codemem_flush                                 codemem.o
                                                  melfloader.o
                                                  sos_module_fetcher.o
ker_codemem_free                                  codemem.o
                                                  sos_module_fetcher.o
                                                  loader.o
ker_codemem_get_header_address                    codemem.o
                                                  loader.o
ker_codemem_get_header_from_code_id               codemem.o
ker_codemem_get_start_address                     codemem.o
                                                  melfloader.o
ker_codemem_mark_executable                       codemem.o
                                                  loader.o
ker_codemem_read                                  codemem.o
                                                  melfloader.o
                                                  avr_melfloader.o
                                                  sos_module_fetcher.o
                                                  loader.o
ker_codemem_write                                 codemem.o
                                                  avr_melfloader.o
                                                  sos_module_fetcher.o
ker_deregister_module                             sched.o
ker_deregister_monitor                            monitor.o
ker_exflash_computeCrc                            exflash.o
ker_exflash_erase                                 exflash.o
ker_exflash_flush                                 exflash.o
ker_exflash_flushAll                              exflash.o
ker_exflash_read                                  exflash.o
ker_exflash_sync                                  exflash.o
ker_exflash_syncAll                               exflash.o
ker_exflash_write                                 exflash.o
ker_fntable_get_dfunc_addr                        fntable.o
                                                  avr_melfloader.o
ker_fntable_subscribe                             fntable.o
                                                  adc_proc.o
                                                  sensor_system.o
                                                  sensor.o
                                                  message_net.o
ker_gc_mark                                       malloc.o
                                                  sos_uart.o
                                                  slab.o
                                                  message_queue.o
                                                  vmac.o
ker_get_caller_pid                                sched.o
                                                  sys_jmptable.o
ker_get_current_pid                               sched.o
                                                  sys_jmptable.o
                                                  sos_shm.o
                                                  sensor_system.o
                                                  sensor.o
                                                  sos_timer.o
                                                  fntable.o
                                                  codemem.o
                                                  message_net.o
                                                  message.o
                                                  malloc.o
ker_get_func_ptr                                  fntable.o
ker_get_group                                     sos_info.o
ker_get_module                                    sched.o
                                                  monitor.o
                                                  fntable.o
ker_get_module_state                              sched.o
ker_gps                                           sos_info.o
ker_hw_type                                       sos_info.o
                                                  sys_jmptable.o
ker_i2c_id                                        sos_info.o
ker_i2c_read_data                                 i2c_system.o
                                                  sys_jmptable.o
ker_i2c_release_bus                               i2c_system.o
                                                  sys_jmptable.o
ker_i2c_reserve_bus                               i2c_system.o
                                                  sys_jmptable.o
ker_i2c_send_data                                 i2c_system.o
                                                  sys_jmptable.o
ker_id                                            sos_info.o
                                                  sys_jmptable.o
                                                  sos_uart.o
                                                  sos_module_fetcher.o
ker_killall                                       sched.o
                                                  codemem.o
ker_led                                           led.o
                                                  sys_jmptable.o
                                                  sched.o
                                                  hardware.o
ker_loc                                           sos_info.o
ker_loc_r2                                        sos_info.o
ker_mod_panic                                     sched.o
                                                  sos_shm.o
                                                  sos_timer.o
                                                  message_net.o
                                                  message.o
                                                  malloc.o
ker_msg_change_rules                              sched.o
                                                  sos_module_fetcher.o
ker_msg_take_data                                 message.o
                                                  sos_module_fetcher.o
                                                  loader.o
ker_panic                                         sched.o
                                                  slab.o
                                                  fntable.o
ker_permanent_timer_init                          sos_timer.o
                                                  sos_module_fetcher.o
                                                  loader.o
                                                  vmac.o
ker_query_task                                    sched.o
ker_radio_ack_disable                             cc2420_hal.o
ker_radio_ack_enable                              cc2420_hal.o
ker_rand                                          random.o
                                                  sys_jmptable.o
                                                  sos_module_fetcher.o
                                                  loader.o
                                                  vmac.o
ker_register_module                               sched.o
                                                  sos_uart.o
                                                  arfid.o
                                                  loader.o
ker_register_monitor                              monitor.o
ker_sensor_control                                sensor.o
                                                  sys_jmptable.o
ker_sensor_data_ready                             sensor.o
                                                  sys_jmptable.o
ker_sensor_deregister                             sensor.o
                                                  sys_jmptable.o
ker_sensor_disable                                sensor.o
                                                  sys_jmptable.o
ker_sensor_driver_deregister                      sensor_system.o
ker_sensor_driver_register                        sensor_system.o
ker_sensor_enable                                 sensor.o
                                                  sys_jmptable.o
ker_sensor_get_data                               sensor.o
                                                  sys_jmptable.o
ker_sensor_register                               sensor.o
                                                  sys_jmptable.o
ker_sensor_start_sampling                         sensor_system.o
ker_sensor_stop_sampling                          sensor_system.o
ker_set_current_pid                               sched.o
                                                  fntable.o
ker_set_group                                     sos_info.o
ker_set_id                                        sos_info.o
ker_shm_close                                     sos_shm.o
                                                  loader.o
ker_shm_get                                       sos_shm.o
                                                  sos_module_fetcher.o
                                                  loader.o
ker_shm_open                                      sos_shm.o
                                                  loader.o
ker_shm_stopwait                                  sos_shm.o
ker_shm_update                                    sos_shm.o
ker_shm_wait                                      sos_shm.o
ker_slab_alloc                                    slab.o
                                                  sos_shm.o
                                                  sos_timer.o
                                                  message_queue.o
                                                  sched.o
ker_slab_free                                     slab.o
                                                  sos_shm.o
                                                  sos_timer.o
                                                  message_queue.o
                                                  sched.o
ker_slab_init                                     slab.o
                                                  sos_shm.o
                                                  sos_timer.o
                                                  message_queue.o
                                                  sched.o
ker_spawn_module                                  sched.o
ker_sys_change_own                                malloc.o
                                                  sys_jmptable.o
ker_sys_codemem_read                              codemem.o
                                                  sys_jmptable.o
ker_sys_enter_func                                fntable.o
ker_sys_fnptr_call                                sos_fnptr_call.o
                                                  sys_jmptable.o
ker_sys_fntable_subscribe                         fntable.o
                                                  sys_jmptable.o
ker_sys_free                                      malloc.o
                                                  sys_jmptable.o
ker_sys_get_module_state                          sched.o
                                                  sys_jmptable.o
ker_sys_leave_func                                fntable.o
ker_sys_malloc                                    malloc.o
                                                  sys_jmptable.o
ker_sys_msg_take_data                             message.o
                                                  sys_jmptable.o
ker_sys_post                                      message.o
                                                  sys_jmptable.o
ker_sys_post_link                                 message_net.o
                                                  sys_jmptable.o
ker_sys_post_value                                message.o
                                                  sys_jmptable.o
ker_sys_realloc                                   malloc.o
                                                  sys_jmptable.o
ker_sys_routing_register                          message_net.o
                                                  sys_jmptable.o
ker_sys_sensor_driver_deregister                  sensor_system.o
                                                  sys_jmptable.o
ker_sys_sensor_driver_register                    sensor_system.o
                                                  sys_jmptable.o
ker_sys_sensor_start_sampling                     sensor_system.o
                                                  sys_jmptable.o
ker_sys_sensor_stop_sampling                      sensor_system.o
                                                  sys_jmptable.o
ker_sys_shm_close                                 sos_shm.o
                                                  sys_jmptable.o
ker_sys_shm_get                                   sos_shm.o
                                                  sys_jmptable.o
ker_sys_shm_open                                  sos_shm.o
                                                  sys_jmptable.o
ker_sys_shm_stopwait                              sos_shm.o
                                                  sys_jmptable.o
ker_sys_shm_update                                sos_shm.o
                                                  sys_jmptable.o
ker_sys_shm_wait                                  sos_shm.o
                                                  sys_jmptable.o
ker_sys_timer_restart                             sos_timer.o
                                                  sys_jmptable.o
ker_sys_timer_start                               sos_timer.o
                                                  sys_jmptable.o
ker_sys_timer_stop                                sos_timer.o
                                                  sys_jmptable.o
ker_systime16H                                    systime.o
ker_systime16L                                    systime.o
ker_systime32                                     systime.o
                                                  sys_jmptable.o
                                                  uart.o
                                                  vmac.o
                                                  vhal.o
ker_timer_init                                    sos_timer.o
                                                  sos_uart.o
                                                  sos_module_fetcher.o
ker_timer_restart                                 sos_timer.o
                                                  sos_uart.o
                                                  sos_module_fetcher.o
                                                  vmac.o
ker_timer_start                                   sos_timer.o
                                                  sos_module_fetcher.o
                                                  loader.o
                                                  vmac.o
ker_timer_stop                                    sos_timer.o
                                                  sos_uart.o
                                                  sos_module_fetcher.o
                                                  loader.o
                                                  vmac.o
ker_timer_stop_and_release                        sos_timer.o
ker_timestamp_deregister                          timestamp.o
                                                  sched.o
ker_timestamp_query                               timestamp.o
ker_timestamp_register                            timestamp.o
ker_uart_id                                       sos_info.o
ker_uart_read_data                                uart_system.o
ker_uart_release_bus                              uart_system.o
                                                  sos_uart.o
ker_uart_reserve_bus                              uart_system.o
                                                  sos_uart.o
ker_uart_send_data                                uart_system.o
                                                  sos_uart.o
list_empty                                        sos_list.o
                                                  sos_timer.o
list_init                                         sos_list.o
                                                  sos_timer.o
list_insert_before                                sos_list.o
                                                  sos_timer.o
list_insert_head                                  sos_list.o
                                                  sos_timer.o
list_insert_tail                                  sos_list.o
                                                  sos_timer.o
list_remove                                       sos_list.o
                                                  sos_timer.o
list_remove_head                                  sos_list.o
                                                  sos_timer.o
list_remove_tail                                  sos_list.o
loader_get_header                                 loader.o
mac_init                                          vmac.o
                                                  hardware.o
mac_set_recv_callback                             vmac.o
mac_to_sosmsg                                     vmac.o
mac_to_vhal                                       vmac.o
main                                              hardware.o
                                                  /Users/Administrator/local/lib/gcc/avr/3.4.3/../../../../avr/lib/avr5/crtm128.o
malloc_gc                                         malloc.o
                                                  sos_uart.o
                                                  sos_shm.o
                                                  sos_timer.o
                                                  sched.o
                                                  vmac.o
malloc_gc_kernel                                  malloc.o
malloc_gc_module                                  malloc.o
melf_arch_relocate                                avr_melfloader.o
                                                  melfloader.o
melf_begin                                        melfloader.o
melf_get_header_address                           melfloader.o
                                                  codemem.o
melf_load_module                                  melfloader.o
                                                  loader.o
melf_read_progbits_shdr                           melfloader.o
mem_init                                          malloc.o
                                                  main.o
mem_remove_all                                    malloc.o
                                                  sched.o
mem_start                                         malloc.o
                                                  main.o
memcpy                                            /Users/Administrator/local/lib/gcc/avr/3.4.3/../../../../avr/lib/avr5/libc.a(memcpy.o)
                                                  sos_module_fetcher.o
                                                  message_net.o
                                                  message.o
                                                  malloc.o
                                                  vmac.o
monitor_deliver_incoming_msg_to_monitor           monitor.o
                                                  sched.o
monitor_deliver_outgoing_msg_to_monitor           monitor.o
                                                  message_net.o
monitor_init                                      monitor.o
                                                  main.o
monitor_remove_all                                monitor.o
                                                  sched.o
mq_dequeue                                        message_queue.o
                                                  sos_uart.o
                                                  sched.o
                                                  vmac.o
mq_enqueue                                        message_queue.o
                                                  sos_uart.o
                                                  sched.o
                                                  vmac.o
mq_gc                                             message_queue.o
mq_gc_mark_hdr                                    message_queue.o
                                                  sos_uart.o
                                                  sched.o
                                                  vmac.o
mq_gc_mark_one_hdr                                message_queue.o
                                                  uart.o
                                                  sos_uart.o
mq_gc_mark_payload                                message_queue.o
                                                  sos_uart.o
                                                  sched.o
                                                  vmac.o
mq_get                                            message_queue.o
                                                  sched.o
mq_init                                           message_queue.o
                                                  sos_uart.o
                                                  sched.o
                                                  vmac.o
msg_create                                        message_queue.o
                                                  uart.o
                                                  i2c_system.o
                                                  message_net.o
                                                  message.o
                                                  vmac.o
msg_dispose                                       message_queue.o
                                                  uart.o
                                                  message_net.o
                                                  sched.o
                                                  vmac.o
msg_queue_init                                    message_queue.o
                                                  main.o
msg_send_senddone                                 message_queue.o
                                                  sos_uart.o
                                                  message_net.o
                                                  vmac.o
net_to_host                                       cc2420_hal.o
                                                  vmac.o
node_address                                      sos_info.o
                                                  random.o
                                                  monitor.o
                                                  message_net.o
                                                  message.o
                                                  sched.o
                                                  vmac.o
                                                  vhal.o
node_group_id                                     sos_info.o
node_loc                                          sos_info.o
pid_sp                                            sos_fnptr_call.o
                                                  fntable.o
                                                  sched.o
post                                              message_net.o
post_link                                         message_net.o
                                                  sos_module_fetcher.o
                                                  loader.o
post_long                                         message.o
                                                  i2c_system.o
                                                  sos_module_fetcher.o
                                                  message_queue.o
                                                  sched.o
post_longer                                       message.o
                                                  sys_jmptable.o
post_short                                        message.o
                                                  uart_system.o
                                                  i2c_system.o
                                                  exflash.o
                                                  sos_shm.o
                                                  sensor.o
                                                  fntable.o
                                                  loader.o
                                                  vmac.o
radio_gc                                          vmac.o
radio_msg_alloc                                   vmac.o
                                                  message_net.o
radio_msg_gc                                      vmac.o
radio_set_timestamp                               vmac.o
                                                  timestamp.o
random_init                                       random.o
                                                  main.o
rfidtag_get_header                                rfidtag.o
routing_init                                      message_net.o
                                                  main.o
sched                                             sched.o
                                                  main.o
sched_add_interrupt                               sched.o
                                                  sos_timer.o
sched_dispatch_short_message                      sched.o
                                                  sos_timer.o
sched_gc                                          sched.o
sched_get_all_module                              sched.o
                                                  fntable.o
sched_get_msg_rule                                sched.o
sched_init                                        sched.o
                                                  main.o
sched_msg_alloc                                   sched.o
                                                  uart.o
                                                  i2c_system.o
                                                  message_net.o
                                                  message.o
                                                  vmac.o
sched_msg_gc                                      sched.o
sched_msg_remove                                  sched.o
sched_register_kernel_module                      sched.o
                                                  adc_proc.o
                                                  exflash.o
                                                  sensor_system.o
                                                  sensor.o
                                                  sos_module_fetcher.o
                                                  message_net.o
                                                  vmac.o
sched_stalled                                     sched.o
schedpq                                           sched.o
sensor_init                                       sensor.o
                                                  main.o
sensor_remove_all                                 sensor.o
                                                  sched.o
sensor_system_init                                sensor_system.o
set_uart_address                                  sos_uart_mgr.o
                                                  uart.o
                                                  sos_uart.o
shm_gc                                            sos_shm.o
shm_init                                          sos_shm.o
                                                  main.o
shm_remove_all                                    sos_shm.o
slab_gc                                           slab.o
                                                  sos_shm.o
                                                  sos_timer.o
                                                  sched.o
slab_gc_mark                                      slab.o
                                                  sos_shm.o
                                                  sos_timer.o
                                                  message_queue.o
                                                  sched.o
sos_blk_mem_alloc                                 malloc.o
                                                  uart.o
                                                  i2c_system.o
                                                  i2c.o
                                                  slab.o
                                                  timestamp.o
                                                  sos_module_fetcher.o
                                                  codemem.o
                                                  message_net.o
                                                  message.o
                                                  loader.o
                                                  vhal.o
sos_blk_mem_change_own                            malloc.o
                                                  sos_uart.o
                                                  message.o
                                                  sched.o
sos_blk_mem_free                                  malloc.o
                                                  uart.o
                                                  i2c_system.o
                                                  i2c.o
                                                  slab.o
                                                  timestamp.o
                                                  sos_module_fetcher.o
                                                  codemem.o
                                                  message_net.o
                                                  message_queue.o
                                                  message.o
                                                  sched.o
                                                  loader.o
                                                  vmac.o
                                                  vhal.o
sos_blk_mem_longterm_alloc                        malloc.o
                                                  slab.o
                                                  codemem.o
                                                  sched.o
sos_blk_mem_realloc                               malloc.o
sos_main                                          main.o
                                                  hardware.o
sos_start                                         arfid.o
                                                  main.o
sos_sysjmptbl                                     sys_jmptable.o
sos_uart_init                                     sos_uart.o
                                                  hardware.o
sos_watchdog_processing                           hardware.o
sosmsg_to_mac                                     vmac.o
systime_init                                      systime.o
                                                  hardware.o
systime_stop                                      systime.o
timer_gc                                          sos_timer.o
timer_hardware_init                               timer.o
                                                  hardware.o
timer_init                                        sos_timer.o
                                                  timer.o
timer_preallocate                                 sos_timer.o
                                                  sched.o
timer_realtime_start                              sos_timer.o
timer_realtime_stop                               sos_timer.o
timer_remove_all                                  sos_timer.o
                                                  sched.o
timer_setInterval                                 timer.o
                                                  sos_timer.o
timestamp_incoming                                timestamp.o
                                                  vmac.o
timestamp_outgoing                                timestamp.o
                                                  vmac.o
uart_gc                                           sos_uart.o
uart_getRecievedData                              uart.o
uart_getState                                     uart.o
uart_hardware_init                                uart_hal.o
                                                  uart.o
uart_init                                         uart.o
                                                  uart_system.o
uart_msg_alloc                                    sos_uart.o
                                                  message_net.o
uart_msg_gc                                       sos_uart.o
uart_read_done                                    uart_system.o
uart_rx_msg_gc                                    uart.o
                                                  sos_uart.o
uart_send_done                                    uart_system.o
                                                  uart.o
uart_startTransceiverRx                           uart.o
                                                  uart_system.o
uart_startTransceiverTx                           uart.o
                                                  uart_system.o
uart_system_init                                  uart_system.o
                                                  hardware.o
vhal_to_mac                                       vmac.o
