Archive member included because of file (symbol)

/usr/lib/gcc/avr/3.4.3/avr5/libgcc.a(_udivmodsi4.o)
                              roombamote.o (__udivmodsi4)
/usr/lib/gcc/avr/3.4.3/avr5/libgcc.a(_copy_data.o)
                              roombamote.o (__do_copy_data)
/usr/lib/gcc/avr/3.4.3/avr5/libgcc.a(_clear_bss.o)
                              roombamote.o (__do_clear_bss)

Memory Configuration

Name             Origin             Length             Attributes
text             0x00000000         0x00020000         xr
data             0x00800060         0x0000ffa0         rw !x
eeprom           0x00810000         0x00010000         rw !x

Linker script and memory map

Address of section .data set to 0x800100
LOAD roombamote.o

.text           0x00000000      0x292
 *(.progmem*)
 .progmem.data  0x00000000       0x5e roombamote.o
                0x0000005e                . = ALIGN (0x2)
 *(.text)
 .text          0x0000005e      0x1f0 roombamote.o
                0x0000024e                . = ALIGN (0x2)
 *(.text.*)
 .text.libgcc   0x0000024e       0x44 /usr/lib/gcc/avr/3.4.3/avr5/libgcc.a(_udivmodsi4.o)
                0x0000024e                __udivmodsi4
                0x00000292                . = ALIGN (0x2)
 *(.module)
                0x00000292                . = ALIGN (0x2)
                0x00000292                _etext = .

.nouse          0x00000292       0x26 load address 0x00000292
 *(.vectors)
                0x00000292                __ctors_start = .
 *(.ctors)
                0x00000292                __ctors_end = .
                0x00000292                __dtors_start = .
 *(.dtors)
                0x00000292                __dtors_end = .
 *(.progmem.gcc*)
 *(.init0)
 *(.init1)
 *(.init2)
 *(.init3)
 *(.init4)
 .init4         0x00000292       0x16 /usr/lib/gcc/avr/3.4.3/avr5/libgcc.a(_copy_data.o)
                0x00000292                __do_copy_data
 .init4         0x000002a8       0x10 /usr/lib/gcc/avr/3.4.3/avr5/libgcc.a(_clear_bss.o)
                0x000002a8                __do_clear_bss
 *(.init5)
 *(.init6)
 *(.init7)
 *(.init8)
 *(.init9)
 *(.fini9)
 *(.fini8)
 *(.fini7)
 *(.fini6)
 *(.fini5)
 *(.fini4)
 *(.fini3)
 *(.fini2)
 *(.fini1)
 *(.fini0)

.data           0x00800100        0x6 load address 0x000002b8
                0x00800100                PROVIDE (__data_start, .)
 *(.data)
 .data          0x00800100        0x5 roombamote.o
                0x00800100                stop_cmd
 *(.gnu.linkonce.d*)
                0x00800106                . = ALIGN (0x2)
 *fill*         0x00800105        0x1 00
                0x00800106                _edata = .
                0x00800106                PROVIDE (__data_end, .)

.bss            0x00800106        0x0
                0x00800106                PROVIDE (__bss_start, .)
 *(.bss)
 *(COMMON)
                0x00800106                PROVIDE (__bss_end, .)
                0x000002b8                __data_load_start = LOADADDR (.data)
                0x000002be                __data_load_end = (__data_load_start + SIZEOF (.data))

.noinit         0x00800106        0x0
                0x00800106                PROVIDE (__noinit_start, .)
 *(.noinit*)
                0x00800106                PROVIDE (__noinit_end, .)
                0x00800106                _end = .
                0x00800106                PROVIDE (__heap_start, .)

.eeprom         0x00810000        0x0 load address 0x00000298
 *(.eeprom*)
                0x00810000                __eeprom_end = .
LOAD /usr/lib/gcc/avr/3.4.3/avr5/libgcc.a
LOAD /usr/lib/gcc/avr/3.4.3/../../../../avr/lib/avr5/libc.a
OUTPUT(roombamote.elf elf32-avr)

Cross Reference Table

Symbol                                            File
__bss_end                                         /usr/lib/gcc/avr/3.4.3/avr5/libgcc.a(_clear_bss.o)
__bss_start                                       /usr/lib/gcc/avr/3.4.3/avr5/libgcc.a(_clear_bss.o)
__data_end                                        /usr/lib/gcc/avr/3.4.3/avr5/libgcc.a(_copy_data.o)
__data_load_start                                 /usr/lib/gcc/avr/3.4.3/avr5/libgcc.a(_copy_data.o)
__data_start                                      /usr/lib/gcc/avr/3.4.3/avr5/libgcc.a(_copy_data.o)
__do_clear_bss                                    /usr/lib/gcc/avr/3.4.3/avr5/libgcc.a(_clear_bss.o)
                                                  roombamote.o
__do_copy_data                                    /usr/lib/gcc/avr/3.4.3/avr5/libgcc.a(_copy_data.o)
                                                  roombamote.o
__udivmodsi4                                      /usr/lib/gcc/avr/3.4.3/avr5/libgcc.a(_udivmodsi4.o)
                                                  roombamote.o
stop_cmd                                          roombamote.o
