Archive member included because of file (symbol)

/Users/Administrator/local/lib/gcc/avr/3.4.3/avr5/libgcc.a(_clear_bss.o)
                              test_uart.o (__do_clear_bss)

Memory Configuration

Name             Origin             Length             Attributes
text             0x00000000         0x00020000         xr
data             0x00800060         0x0000ffa0         rw !x
eeprom           0x00810000         0x00010000         rw !x
*default*        0x00000000         0xffffffff

Linker script and memory map

Address of section .data set to 0x800100
LOAD /Users/Administrator/local/lib/gcc/avr/3.4.3/../../../../avr/lib/avr5/crtm128.o
LOAD test_uart.o
LOAD /Users/Administrator/local/lib/gcc/avr/3.4.3/avr5/libgcc.a
LOAD /Users/Administrator/local/lib/gcc/avr/3.4.3/../../../../avr/lib/avr5/libc.a
LOAD /Users/Administrator/local/lib/gcc/avr/3.4.3/avr5/libgcc.a

.hash
 *(.hash)

.dynsym
 *(.dynsym)

.dynstr
 *(.dynstr)

.gnu.version
 *(.gnu.version)

.gnu.version_d
 *(.gnu.version_d)

.gnu.version_r
 *(.gnu.version_r)

.rel.init
 *(.rel.init)

.rela.init
 *(.rela.init)

.rel.text
 *(.rel.text)
 *(.rel.text.*)
 *(.rel.gnu.linkonce.t*)

.rela.text
 *(.rela.text)
 *(.rela.text.*)
 *(.rela.gnu.linkonce.t*)

.rel.fini
 *(.rel.fini)

.rela.fini
 *(.rela.fini)

.rel.rodata
 *(.rel.rodata)
 *(.rel.rodata.*)
 *(.rel.gnu.linkonce.r*)

.rela.rodata
 *(.rela.rodata)
 *(.rela.rodata.*)
 *(.rela.gnu.linkonce.r*)

.rel.data
 *(.rel.data)
 *(.rel.data.*)
 *(.rel.gnu.linkonce.d*)

.rela.data
 *(.rela.data)
 *(.rela.data.*)
 *(.rela.gnu.linkonce.d*)

.rel.ctors
 *(.rel.ctors)

.rela.ctors
 *(.rela.ctors)

.rel.dtors
 *(.rel.dtors)

.rela.dtors
 *(.rela.dtors)

.rel.got
 *(.rel.got)

.rela.got
 *(.rela.got)

.rel.bss
 *(.rel.bss)

.rela.bss
 *(.rela.bss)

.rel.plt
 *(.rel.plt)

.rela.plt
 *(.rela.plt)

.text           0x00000000      0x194
 *(.vectors)
 .vectors       0x00000000       0x8c /Users/Administrator/local/lib/gcc/avr/3.4.3/../../../../avr/lib/avr5/crtm128.o
                0x00000000                __vectors
                0x00000000                __vector_default
                0x0000008c                __ctors_start = .
 *(.ctors)
                0x0000008c                __ctors_end = .
                0x0000008c                __dtors_start = .
 *(.dtors)
                0x0000008c                __dtors_end = .
 *(.progmem.gcc*)
 *(.progmem*)
                0x0000008c                . = ALIGN (0x2)
 *(.init0)
 *(.init1)
 *(.init2)
 .init2         0x0000008c        0xc /Users/Administrator/local/lib/gcc/avr/3.4.3/../../../../avr/lib/avr5/crtm128.o
 *(.init3)
 *(.init4)
 .init4         0x00000098       0x1a /Users/Administrator/local/lib/gcc/avr/3.4.3/../../../../avr/lib/avr5/crtm128.o
                0x00000098                __do_copy_data
 .init4         0x000000b2       0x10 /Users/Administrator/local/lib/gcc/avr/3.4.3/avr5/libgcc.a(_clear_bss.o)
                0x000000b2                __do_clear_bss
 *(.init5)
 *(.init6)
 *(.init7)
 *(.init8)
 *(.init9)
 .init9         0x000000c2        0x4 /Users/Administrator/local/lib/gcc/avr/3.4.3/../../../../avr/lib/avr5/crtm128.o
 *(.text)
 .text          0x000000c6        0x4 /Users/Administrator/local/lib/gcc/avr/3.4.3/../../../../avr/lib/avr5/crtm128.o
                0x000000c6                __vector_22
                0x000000c6                __vector_28
                0x000000c6                __vector_32
                0x000000c6                __vector_34
                0x000000c6                __vector_24
                0x000000c6                __vector_12
                0x000000c6                __bad_interrupt
                0x000000c6                __vector_6
                0x000000c6                __vector_31
                0x000000c6                __vector_3
                0x000000c6                __vector_23
                0x000000c6                __vector_30
                0x000000c6                __vector_25
                0x000000c6                __vector_11
                0x000000c6                __vector_13
                0x000000c6                __vector_17
                0x000000c6                __vector_19
                0x000000c6                __vector_7
                0x000000c6                __vector_27
                0x000000c6                __vector_5
                0x000000c6                __vector_33
                0x000000c6                __vector_4
                0x000000c6                __vector_9
                0x000000c6                __vector_21
                0x000000c6                __vector_15
                0x000000c6                __vector_29
                0x000000c6                __vector_8
                0x000000c6                __vector_26
                0x000000c6                __vector_14
                0x000000c6                __vector_10
                0x000000c6                __vector_16
                0x000000c6                __vector_18
                0x000000c6                __vector_20
 .text          0x000000ca       0xca test_uart.o
                0x0000012c                __vector_1
                0x000000ca                main
                0x00000160                __vector_2
                0x00000194                . = ALIGN (0x2)
 *(.text.*)
                0x00000194                . = ALIGN (0x2)
 *(.fini9)
 *(.fini8)
 *(.fini7)
 *(.fini6)
 *(.fini5)
 *(.fini4)
 *(.fini3)
 *(.fini2)
 *(.fini1)
 *(.fini0)
                0x00000194                _etext = .

.data           0x00800100        0x0 load address 0x00000194
                0x00800100                PROVIDE (__data_start, .)
 *(.data)
 *(.gnu.linkonce.d*)
                0x00800100                . = ALIGN (0x2)
                0x00800100                _edata = .
                0x00800100                PROVIDE (__data_end, .)

.bss            0x00800100        0x2
                0x00800100                PROVIDE (__bss_start, .)
 *(.bss)
 .bss           0x00800100        0x2 test_uart.o
                0x00800101                foo1
                0x00800100                foo0
 *(COMMON)
                0x00800102                PROVIDE (__bss_end, .)
                0x00000194                __data_load_start = LOADADDR (.data)
                0x00000194                __data_load_end = (__data_load_start + SIZEOF (.data))

.noinit         0x00800102        0x0
                0x00800102                PROVIDE (__noinit_start, .)
 *(.noinit*)
                0x00800102                PROVIDE (__noinit_end, .)
                0x00800102                _end = .
                0x00800102                PROVIDE (__heap_start, .)

.eeprom         0x00810000        0x0 load address 0x00000194
 *(.eeprom*)
                0x00810000                __eeprom_end = .

.stab           0x00000000      0x408
 *(.stab)
 .stab          0x00000000      0x408 /Users/Administrator/local/lib/gcc/avr/3.4.3/../../../../avr/lib/avr5/crtm128.o

.stabstr        0x00000000       0x59
 *(.stabstr)
 .stabstr       0x00000000       0x59 /Users/Administrator/local/lib/gcc/avr/3.4.3/../../../../avr/lib/avr5/crtm128.o
                                  0x0 (size before relaxing)

.stab.excl
 *(.stab.excl)

.stab.exclstr
 *(.stab.exclstr)

.stab.index
 *(.stab.index)

.stab.indexstr
 *(.stab.indexstr)

.comment
 *(.comment)

.debug
 *(.debug)

.line
 *(.line)

.debug_srcinfo
 *(.debug_srcinfo)

.debug_sfnames
 *(.debug_sfnames)

.debug_aranges
 *(.debug_aranges)

.debug_pubnames
 *(.debug_pubnames)

.debug_info
 *(.debug_info)
 *(.gnu.linkonce.wi.*)

.debug_abbrev
 *(.debug_abbrev)

.debug_line
 *(.debug_line)

.debug_frame
 *(.debug_frame)

.debug_str
 *(.debug_str)

.debug_loc
 *(.debug_loc)

.debug_macinfo
 *(.debug_macinfo)
OUTPUT(test_uart.elf elf32-avr)

Cross Reference Table

Symbol                                            File
__bad_interrupt                                   /Users/Administrator/local/lib/gcc/avr/3.4.3/../../../../avr/lib/avr5/crtm128.o
__bss_end                                         /Users/Administrator/local/lib/gcc/avr/3.4.3/avr5/libgcc.a(_clear_bss.o)
__bss_start                                       /Users/Administrator/local/lib/gcc/avr/3.4.3/avr5/libgcc.a(_clear_bss.o)
__data_end                                        /Users/Administrator/local/lib/gcc/avr/3.4.3/../../../../avr/lib/avr5/crtm128.o
__data_load_start                                 /Users/Administrator/local/lib/gcc/avr/3.4.3/../../../../avr/lib/avr5/crtm128.o
__data_start                                      /Users/Administrator/local/lib/gcc/avr/3.4.3/../../../../avr/lib/avr5/crtm128.o
__do_clear_bss                                    /Users/Administrator/local/lib/gcc/avr/3.4.3/avr5/libgcc.a(_clear_bss.o)
                                                  test_uart.o
__do_copy_data                                    /Users/Administrator/local/lib/gcc/avr/3.4.3/../../../../avr/lib/avr5/crtm128.o
                                                  test_uart.o
__heap_end                                        /Users/Administrator/local/lib/gcc/avr/3.4.3/../../../../avr/lib/avr5/crtm128.o
__init                                            /Users/Administrator/local/lib/gcc/avr/3.4.3/../../../../avr/lib/avr5/crtm128.o
__stack                                           /Users/Administrator/local/lib/gcc/avr/3.4.3/../../../../avr/lib/avr5/crtm128.o
                                                  test_uart.o
__vector_1                                        test_uart.o
                                                  /Users/Administrator/local/lib/gcc/avr/3.4.3/../../../../avr/lib/avr5/crtm128.o
__vector_10                                       /Users/Administrator/local/lib/gcc/avr/3.4.3/../../../../avr/lib/avr5/crtm128.o
__vector_11                                       /Users/Administrator/local/lib/gcc/avr/3.4.3/../../../../avr/lib/avr5/crtm128.o
__vector_12                                       /Users/Administrator/local/lib/gcc/avr/3.4.3/../../../../avr/lib/avr5/crtm128.o
__vector_13                                       /Users/Administrator/local/lib/gcc/avr/3.4.3/../../../../avr/lib/avr5/crtm128.o
__vector_14                                       /Users/Administrator/local/lib/gcc/avr/3.4.3/../../../../avr/lib/avr5/crtm128.o
__vector_15                                       /Users/Administrator/local/lib/gcc/avr/3.4.3/../../../../avr/lib/avr5/crtm128.o
__vector_16                                       /Users/Administrator/local/lib/gcc/avr/3.4.3/../../../../avr/lib/avr5/crtm128.o
__vector_17                                       /Users/Administrator/local/lib/gcc/avr/3.4.3/../../../../avr/lib/avr5/crtm128.o
__vector_18                                       /Users/Administrator/local/lib/gcc/avr/3.4.3/../../../../avr/lib/avr5/crtm128.o
__vector_19                                       /Users/Administrator/local/lib/gcc/avr/3.4.3/../../../../avr/lib/avr5/crtm128.o
__vector_2                                        test_uart.o
                                                  /Users/Administrator/local/lib/gcc/avr/3.4.3/../../../../avr/lib/avr5/crtm128.o
__vector_20                                       /Users/Administrator/local/lib/gcc/avr/3.4.3/../../../../avr/lib/avr5/crtm128.o
__vector_21                                       /Users/Administrator/local/lib/gcc/avr/3.4.3/../../../../avr/lib/avr5/crtm128.o
__vector_22                                       /Users/Administrator/local/lib/gcc/avr/3.4.3/../../../../avr/lib/avr5/crtm128.o
__vector_23                                       /Users/Administrator/local/lib/gcc/avr/3.4.3/../../../../avr/lib/avr5/crtm128.o
__vector_24                                       /Users/Administrator/local/lib/gcc/avr/3.4.3/../../../../avr/lib/avr5/crtm128.o
__vector_25                                       /Users/Administrator/local/lib/gcc/avr/3.4.3/../../../../avr/lib/avr5/crtm128.o
__vector_26                                       /Users/Administrator/local/lib/gcc/avr/3.4.3/../../../../avr/lib/avr5/crtm128.o
__vector_27                                       /Users/Administrator/local/lib/gcc/avr/3.4.3/../../../../avr/lib/avr5/crtm128.o
__vector_28                                       /Users/Administrator/local/lib/gcc/avr/3.4.3/../../../../avr/lib/avr5/crtm128.o
__vector_29                                       /Users/Administrator/local/lib/gcc/avr/3.4.3/../../../../avr/lib/avr5/crtm128.o
__vector_3                                        /Users/Administrator/local/lib/gcc/avr/3.4.3/../../../../avr/lib/avr5/crtm128.o
__vector_30                                       /Users/Administrator/local/lib/gcc/avr/3.4.3/../../../../avr/lib/avr5/crtm128.o
__vector_31                                       /Users/Administrator/local/lib/gcc/avr/3.4.3/../../../../avr/lib/avr5/crtm128.o
__vector_32                                       /Users/Administrator/local/lib/gcc/avr/3.4.3/../../../../avr/lib/avr5/crtm128.o
__vector_33                                       /Users/Administrator/local/lib/gcc/avr/3.4.3/../../../../avr/lib/avr5/crtm128.o
__vector_34                                       /Users/Administrator/local/lib/gcc/avr/3.4.3/../../../../avr/lib/avr5/crtm128.o
__vector_4                                        /Users/Administrator/local/lib/gcc/avr/3.4.3/../../../../avr/lib/avr5/crtm128.o
__vector_5                                        /Users/Administrator/local/lib/gcc/avr/3.4.3/../../../../avr/lib/avr5/crtm128.o
__vector_6                                        /Users/Administrator/local/lib/gcc/avr/3.4.3/../../../../avr/lib/avr5/crtm128.o
__vector_7                                        /Users/Administrator/local/lib/gcc/avr/3.4.3/../../../../avr/lib/avr5/crtm128.o
__vector_8                                        /Users/Administrator/local/lib/gcc/avr/3.4.3/../../../../avr/lib/avr5/crtm128.o
__vector_9                                        /Users/Administrator/local/lib/gcc/avr/3.4.3/../../../../avr/lib/avr5/crtm128.o
__vector_default                                  /Users/Administrator/local/lib/gcc/avr/3.4.3/../../../../avr/lib/avr5/crtm128.o
__vectors                                         /Users/Administrator/local/lib/gcc/avr/3.4.3/../../../../avr/lib/avr5/crtm128.o
foo0                                              test_uart.o
foo1                                              test_uart.o
main                                              test_uart.o
                                                  /Users/Administrator/local/lib/gcc/avr/3.4.3/../../../../avr/lib/avr5/crtm128.o
